// Jest Snapshot v1, https://goo.gl/fbAQLP

exports[`App renders correctly 1`] = `
<div
  className="App"
>
  <BrowserRouter>
    <Navigation />
    <LoadingSpinner
      show={false}
    />
    <Suspense
      fallback={
        <Fallback
          setLoading={[Function]}
        />
      }
    >
      <Switch>
        <Route
          exact={true}
          path="test-home-route"
        >
          <HomePage />
        </Route>
        <Route
          path="test-about-route"
        >
          <AboutPage />
        </Route>
        <Route
          path="test-contact-route"
        >
          <ContactPage />
        </Route>
      </Switch>
    </Suspense>
    <CookieDisclaimer />
    <Footer />
  </BrowserRouter>
</div>
`;
