// Jest Snapshot v1, https://goo.gl/fbAQLP

exports[`renders correctly 1`] = `
<BrowserRouter>
  <div
    className="App"
  >
    <Navigation />
    <Switch>
      <Route
        exact={true}
        path="/"
      >
        <HomePage />
      </Route>
      <Route
        path="/about"
      >
        <AboutPage />
      </Route>
      <Route
        path="/contact"
      >
        <ContactPage />
      </Route>
    </Switch>
    <Footer />
  </div>
</BrowserRouter>
`;
